METRIC phase=parse_triangulate seconds_min=0.028046 seconds_avg=0.029280 seconds_max=0.030365 rss_max_kib=22236 rss_sum_kib=88136
METRIC phase=extrude_ovm seconds_min=0.557099 seconds_avg=0.613409 seconds_max=0.650821 rss_max_kib=130344 rss_sum_kib=521112
Footprint CDT: 7069 vertices, 13688 triangles
Wedge mesh: 63621 vertices, 109504 wedge cells
OpenVolumeMesh cells: 109504, faces: 289240, vertices: 63621
Material default k = 2.500000
  material[0] default: k = 2.500000, wedge cells = 18196
  material[1] aluminum_frame: k = 205.000000, wedge cells = 32289
  material[2] copper_bus_left: k = 385.000000, wedge cells = 7496
  material[3] copper_bus_right: k = 385.000000, wedge cells = 10408
  material[4] ceramic_power_stage: k = 24.000000, wedge cells = 11848
  material[5] graphite_spreader: k = 130.000000, wedge cells = 3375
  material[6] aerogel_slot: k = 0.035000, wedge cells = 5884
  material[7] polymer_gap: k = 0.180000, wedge cells = 4056
  material[8] steel_mount: k = 45.000000, wedge cells = 6607
  material[9] silicon_die: k = 149.000000, wedge cells = 1611
  material[10] coolant_channel: k = 0.600000, wedge cells = 3390
  material[11] diamond_insert: k = 1000.000000, wedge cells = 1520
  material[12] low_k_lid: k = 0.120000, wedge cells = 2824
METIS nodal partition into 4 parts
METRIC phase=partition_reorder seconds_min=0.060975 seconds_avg=0.086299 seconds_max=0.131563 rss_max_kib=152184 rss_sum_kib=570816
METRIC phase=assembly seconds_min=0.127446 seconds_avg=0.134169 seconds_max=0.140082 rss_max_kib=152824 rss_sum_kib=571584
HYPRE PCG iterations: 10, residual: 0.000000
METRIC phase=solve seconds_min=0.217173 seconds_avg=0.222553 seconds_max=0.233765 rss_max_kib=182988 rss_sum_kib=603668
METRIC phase=error seconds_min=0.011548 seconds_avg=0.011590 seconds_max=0.011609 rss_max_kib=182988 rss_sum_kib=603796
HYPRE solve complete. Relative L2 error vs manufactured solution: 0.310276
METRIC phase=total seconds_min=1.128932 seconds_avg=1.129267 seconds_max=1.129636 rss_max_kib=182988 rss_sum_kib=603796
