METRIC phase=parse_triangulate seconds_min=0.028300 seconds_avg=0.033720 seconds_max=0.039140 rss_max_kib=22120 rss_sum_kib=44196
METRIC phase=extrude_ovm seconds_min=0.586777 seconds_avg=0.619299 seconds_max=0.651821 rss_max_kib=130320 rss_sum_kib=260608
Footprint CDT: 7069 vertices, 13688 triangles
Wedge mesh: 63621 vertices, 109504 wedge cells
OpenVolumeMesh cells: 109504, faces: 289240, vertices: 63621
Material default k = 2.500000
  material[0] default: k = 2.500000, wedge cells = 18196
  material[1] aluminum_frame: k = 205.000000, wedge cells = 32289
  material[2] copper_bus_left: k = 385.000000, wedge cells = 7496
  material[3] copper_bus_right: k = 385.000000, wedge cells = 10408
  material[4] ceramic_power_stage: k = 24.000000, wedge cells = 11848
  material[5] graphite_spreader: k = 130.000000, wedge cells = 3375
  material[6] aerogel_slot: k = 0.035000, wedge cells = 5884
  material[7] polymer_gap: k = 0.180000, wedge cells = 4056
  material[8] steel_mount: k = 45.000000, wedge cells = 6607
  material[9] silicon_die: k = 149.000000, wedge cells = 1611
  material[10] coolant_channel: k = 0.600000, wedge cells = 3390
  material[11] diamond_insert: k = 1000.000000, wedge cells = 1520
  material[12] low_k_lid: k = 0.120000, wedge cells = 2824
METIS nodal partition into 2 parts
METRIC phase=partition_reorder seconds_min=0.059010 seconds_avg=0.065175 seconds_max=0.071340 rss_max_kib=153120 rss_sum_kib=292772
METRIC phase=assembly seconds_min=0.248693 seconds_avg=0.262403 seconds_max=0.276112 rss_max_kib=164384 rss_sum_kib=328484
HYPRE PCG iterations: 10, residual: 0.000000
METRIC phase=solve seconds_min=0.244629 seconds_avg=0.244664 seconds_max=0.244699 rss_max_kib=187488 rss_sum_kib=352356
METRIC phase=error seconds_min=0.010545 seconds_avg=0.010554 seconds_max=0.010562 rss_max_kib=187488 rss_sum_kib=352356
HYPRE solve complete. Relative L2 error vs manufactured solution: 0.310276
METRIC phase=total seconds_min=1.294345 seconds_avg=1.294362 seconds_max=1.294379 rss_max_kib=187488 rss_sum_kib=352356
