TIMING parse_plc seconds min/avg/max = 8.8814e-05 / 8.8992e-05 / 8.917e-05
TIMING triangulate_footprint seconds min/avg/max = 0.495074 / 0.497839 / 0.500605
TIMING extrude_wedges seconds min/avg/max = 0.00485749 / 0.00489239 / 0.00492729
TIMING openvolumemesh_roundtrip seconds min/avg/max = 0.562731 / 0.571658 / 0.580585
TIMING partition_and_broadcast seconds min/avg/max = 0.048596 / 0.0486103 / 0.0486246
Footprint CDT: 9721 vertices, 10623 triangles
Wedge mesh: 106931 vertices, 106230 wedge cells
OpenVolumeMesh cells: 106230, faces: 310523, vertices: 106931
Material default k = 6.5
  material[0] default: k = 6.5, wedge cells = 48090
  material[1] copper_busbar: k = 385, wedge cells = 4739
  material[2] graphite_spreader: k = 130, wedge cells = 8389
  material[3] ceramic_bridge: k = 24, wedge cells = 7894
  material[4] polymer_slot: k = 0.18, wedge cells = 7718
  material[5] steel_frame: k = 45, wedge cells = 2214
  material[6] aluminum_fin: k = 205, wedge cells = 4820
  material[7] titanium_mount: k = 22, wedge cells = 7251
  material[8] foam_relief: k = 0.045, wedge cells = 1920
  material[9] silicon_die: k = 149, wedge cells = 4255
  material[10] air_gap: k = 0.026, wedge cells = 1628
  material[11] silver_via_field: k = 429, wedge cells = 3660
  material[12] thermal_grease_layer: k = 8.5, wedge cells = 3652
METIS nodal partition into 2 parts
TIMING reorder_by_partition seconds min/avg/max = 0.00348642 / 0.00442261 / 0.00535879
TIMING assemble_local_system seconds min/avg/max = 0.241429 / 0.259635 / 0.277842
MATRIX local_rows min/avg/max = 53454 / 53465.5 / 53477, local_nnz min/avg/max = 464842 / 496137 / 527432
HYPRE PCG iterations: 539, residual: 9.79376e-11
TIMING hypre_solve seconds min/avg/max = 3.38021 / 3.38102 / 3.38183
TIMING solution_gather seconds min/avg/max = 0.0048953 / 0.00490598 / 0.00491666
TIMING l2_error seconds min/avg/max = 0.0102514 / 0.0102594 / 0.0102674
MEMORY rss_mb avg/max = 208.35 / 222.293, peak_rss_mb avg/max = 208.35 / 222.293
HYPRE solve complete. Relative L2 error vs manufactured solution: 0.355407
BENCHMARK processes=2 footprint_vertices=9721 footprint_triangles=10623 mesh_vertices=106931 wedge_cells=106230 matrix_rows=106931 matrix_nnz=992274 total_seconds=4.80963 peak_rss_mb_max=222.293 l2_error=0.355407
	Command being timed: "mpirun --allow-run-as-root -np 2 ./build/heat_conduction_mpi examples/large_composite_heat_multimaterial.plc i 110 90 10"
	User time (seconds): 9.61
	System time (seconds): 0.18
	Percent of CPU this job got: 190%
	Elapsed (wall clock) time (h:mm:ss or m:ss): 0:05.15
	Average shared text size (kbytes): 0
	Average unshared data size (kbytes): 0
	Average stack size (kbytes): 0
	Average total size (kbytes): 0
	Maximum resident set size (kbytes): 227560
	Average resident set size (kbytes): 0
	Major (requiring I/O) page faults: 3
	Minor (reclaiming a frame) page faults: 101400
	Voluntary context switches: 2634
	Involuntary context switches: 185
	Swaps: 0
	File system inputs: 0
	File system outputs: 120
	Socket messages sent: 0
	Socket messages received: 0
	Signals delivered: 0
	Page size (bytes): 4096
	Exit status: 0
