Footprint CDT: 9725 vertices, 11725 triangles
Wedge mesh: 97250 vertices, 105525 wedge cells
OpenVolumeMesh cells: 105525, faces: 307663, vertices: 97250
Material default k = 2.5
  material[0] default: k = 2.5, wedge cells = 41766
  material[1] copper_bus: k = 385, wedge cells = 8669
  material[2] aluminum_frame: k = 205, wedge cells = 4482
  material[3] ceramic_plate: k = 24, wedge cells = 6220
  material[4] graphite_spreader: k = 130, wedge cells = 5975
  material[5] insulation_slot: k = 0.06, wedge cells = 7297
  material[6] steel_anchor: k = 45, wedge cells = 3237
  material[7] silicon_die: k = 148, wedge cells = 3452
  material[8] polymer_lid: k = 0.22, wedge cells = 6824
  material[9] coolant_channel: k = 0.6, wedge cells = 1160
  material[10] thermal_interface: k = 8, wedge cells = 1761
  material[11] tungsten_insert: k = 170, wedge cells = 2208
  material[12] air_gap: k = 0.026, wedge cells = 12474
METIS nodal partition into 1 parts
Local rows per rank: min = 97250, max = 97250, total = 97250
Sparse matrix nnz: total = 942974, min/rank = 942974, max/rank = 942974
HYPRE PCG iterations: 526, residual: 9.6353e-11
HYPRE solve complete. Relative L2 error vs manufactured solution: 0.395812
Stage timings (max seconds across ranks): parse=0.000121 cdt=0.502847 extrude=0.005259 ovm=0.576046 partition=0.000882 reorder=0.004718 assembly=0.519714 solve=3.135757 gather_solution=0.000192 l2=0.011060 total=4.757378
Memory usage (max across ranks): rss_mb=268.804688 peak_rss_mb=268.804688
BENCHMARK ranks=1 plc=examples/large_composite_heat_multimaterial.plc method=i nx=110 ny=90 nz=9 height=2.400000 footprint_vertices=9725 footprint_triangles=11725 vertices=97250 wedges=105525 nnz=942974 min_rows=97250 max_rows=97250 min_nnz=942974 max_nnz=942974 parse_s=0.000121 cdt_s=0.502847 extrude_s=0.005259 ovm_s=0.576046 partition_s=0.000882 reorder_s=0.004718 assembly_s=0.519714 solve_s=3.135757 gather_solution_s=0.000192 l2_s=0.011060 total_s=4.757378 rss_mb=268.804688 peak_rss_mb=268.804688 l2_error=0.395812
	Command being timed: "mpirun --allow-run-as-root -np 1 ./build/heat_conduction_mpi examples/large_composite_heat_multimaterial.plc i 110 90 9"
	User time (seconds): 4.75
	System time (seconds): 0.13
	Percent of CPU this job got: 95%
	Elapsed (wall clock) time (h:mm:ss or m:ss): 0:05.13
	Average shared text size (kbytes): 0
	Average unshared data size (kbytes): 0
	Average stack size (kbytes): 0
	Average total size (kbytes): 0
	Maximum resident set size (kbytes): 275256
	Average resident set size (kbytes): 0
	Major (requiring I/O) page faults: 3
	Minor (reclaiming a frame) page faults: 67029
	Voluntary context switches: 1311
	Involuntary context switches: 70
	Swaps: 0
	File system inputs: 0
	File system outputs: 112
	Socket messages sent: 0
	Socket messages received: 0
	Signals delivered: 0
	Page size (bytes): 4096
	Exit status: 0
