Footprint CDT: 9725 vertices, 11725 triangles
Wedge mesh: 97250 vertices, 105525 wedge cells
OpenVolumeMesh cells: 105525, faces: 307663, vertices: 97250
Material default k = 2.5
  material[0] default: k = 2.5, wedge cells = 41766
  material[1] copper_bus: k = 385, wedge cells = 8669
  material[2] aluminum_frame: k = 205, wedge cells = 4482
  material[3] ceramic_plate: k = 24, wedge cells = 6220
  material[4] graphite_spreader: k = 130, wedge cells = 5975
  material[5] insulation_slot: k = 0.06, wedge cells = 7297
  material[6] steel_anchor: k = 45, wedge cells = 3237
  material[7] silicon_die: k = 148, wedge cells = 3452
  material[8] polymer_lid: k = 0.22, wedge cells = 6824
  material[9] coolant_channel: k = 0.6, wedge cells = 1160
  material[10] thermal_interface: k = 8, wedge cells = 1761
  material[11] tungsten_insert: k = 170, wedge cells = 2208
  material[12] air_gap: k = 0.026, wedge cells = 12474
METIS nodal partition into 2 parts
Local rows per rank: min = 48625, max = 48625, total = 97250
Sparse matrix nnz: total = 942974, min/rank = 452116, max/rank = 490858
HYPRE PCG iterations: 526, residual: 9.63588e-11
HYPRE solve complete. Relative L2 error vs manufactured solution: 0.395812
Stage timings (max seconds across ranks): parse=0.000100 cdt=0.500043 extrude=0.005715 ovm=0.577359 partition=0.059313 reorder=0.004683 assembly=0.285066 solve=3.122220 gather_solution=0.009111 l2=0.010312 total=4.570183
Memory usage (max across ranks): rss_mb=215.320312 peak_rss_mb=215.320312
BENCHMARK ranks=2 plc=examples/large_composite_heat_multimaterial.plc method=i nx=110 ny=90 nz=9 height=2.400000 footprint_vertices=9725 footprint_triangles=11725 vertices=97250 wedges=105525 nnz=942974 min_rows=48625 max_rows=48625 min_nnz=452116 max_nnz=490858 parse_s=0.000100 cdt_s=0.500043 extrude_s=0.005715 ovm_s=0.577359 partition_s=0.059313 reorder_s=0.004683 assembly_s=0.285066 solve_s=3.122220 gather_solution_s=0.009111 l2_s=0.010312 total_s=4.570183 rss_mb=215.320312 peak_rss_mb=215.320312 l2_error=0.395812
	Command being timed: "mpirun --allow-run-as-root -np 2 ./build/heat_conduction_mpi examples/large_composite_heat_multimaterial.plc i 110 90 9"
	User time (seconds): 9.05
	System time (seconds): 0.28
	Percent of CPU this job got: 189%
	Elapsed (wall clock) time (h:mm:ss or m:ss): 0:04.93
	Average shared text size (kbytes): 0
	Average unshared data size (kbytes): 0
	Average stack size (kbytes): 0
	Average total size (kbytes): 0
	Maximum resident set size (kbytes): 220188
	Average resident set size (kbytes): 0
	Major (requiring I/O) page faults: 3
	Minor (reclaiming a frame) page faults: 98055
	Voluntary context switches: 2638
	Involuntary context switches: 202
	Swaps: 0
	File system inputs: 0
	File system outputs: 120
	Socket messages sent: 0
	Socket messages received: 0
	Signals delivered: 0
	Page size (bytes): 4096
	Exit status: 0
